GAMS 24.3.2  r47788 Released Aug 29, 2014 WEX-WEI x86 64bit/MS Windows 02/03/15 20:26:28 Page 1
Power Generation via Fuel Oil
C o m p i l a t i o n


   4   
   5  *OPTION SOLPRINT = OFF;
   6   
   7  * Define index sets
   8  SETS  G  Power Generators /gen1*gen2/
   9        F  Fuels            /oil, gas/
  10        K  Constants in Fuel Consumption Equations /0*2/;
  11   
  12  * Define and Input the Problem Data
  13  TABLE A(G,F,K) Coefficients in the fuel consumption equations
  14                         0           1          2
  15        gen1.oil      1.4609      .15186     .00145
  16        gen1.gas      1.5742      .16310     .001358
  17        gen2.oil      0.8008      .20310     .000916
  18        gen2.gas      0.7266      .22560     .000778;
  19  PARAMETER PMAX(G) Maximum power outputs of generators /
  20        GEN1 30.0, GEN2 25.0/;
  21  PARAMETER PMIN(G) Minimum power outputs of generators /
  22        GEN1 18.0, GEN2 14.0/;
  23  SCALAR GASSUP Maximum supply of BFG in units per h /10.0/
  24         OILSUP Maximum supply of BFG in units per h /10.0/
  25         PREQ Total power output required in MW /50.0/;
  26   
  27  * Define optimization variables
  28  VARIABLES  P(G) Total power output of generators in MW
  29             X(G, F) Power outputs of generators from specific fuels
  30             Z(F) Total Amounts of fuel purchased
  31             PUR(F) Total amount of fuel oil purchased;
  32  POSITIVE VARIABLES P, X, Z;
  33   
  34  * Define Objective Function and Constraints
  35  EQUATIONS TPOWER Required power must be generated
  36            PWR(G) Power generated by individual generators
  37            USE(F) Amount of oil purchased to be minimized
  38            FUELUSE(F) Fuel usage must not exceed purchase;
  39  TPOWER..  SUM(G, P(G)) =G= PREQ;
  40  PWR(G).. P(G) =E= SUM(F, X(G,F));
  41  FUELUSE(F).. Z(F) =G= SUM((K,G), a(G,F,K)*X(G,F)**(ORD(K)-1));
  42  USE(F).. PUR(F) =E= Z(F);
  43   
  44  variables zoil, zgas,ztot;
  45   
  46  equations obj1, obj2,obj3;
  47   
  48  obj1.. zoil =e= z("oil");
  49  obj2.. zgas =e= z("gas");
  50  obj3.. ztot =e= sum(F, Z(F));
  51   
  52  * Impose Bounds and Initialize Optimization Variables
  53  * Upper and lower bounds on P from the operating ranges
  54    P.UP(G) = PMAX(G);
  55    P.LO(G) = PMIN(G);
  56  * Upper bound on BFG consumption from GASSUP
  57    Z.UP("gas") = GASSUP;
  58    Z.UP("oil") = OILSUP;
  59  * Specify initial values for power outputs
  60    P.L(G) = .5*(PMAX(G)+PMIN(G));
  61   
  62  * Define model and solve
  63    MODEL FUELOIL /all/;
  64    SOLVE FUELOIL USING NLP MINIMIZING zgas;
  65   
  66  DISPLAY X.L, P.L, Z.L, PUR.L;
  67   
  68  *option NLP = CONOPT;
  69  *FUELOIL.optfile = 1;
  70  *SOLVE FUELOIL USING NLP MINIMIZING OILPUR;


COMPILATION TIME     =        0.000 SECONDS      3 MB  24.3.2 r47788 WEX-WEI
GAMS 24.3.2  r47788 Released Aug 29, 2014 WEX-WEI x86 64bit/MS Windows 02/03/15 20:26:28 Page 2
Power Generation via Fuel Oil
Equation Listing    SOLVE FUELOIL Using NLP From line 64


---- TPOWER  =G=  Required power must be generated

TPOWER..  P(gen1) + P(gen2) =G= 50 ; (LHS = 43.5, INFES = 6.5 ****)
     

---- PWR  =E=  Power generated by individual generators

PWR(gen1)..  P(gen1) - X(gen1,oil) - X(gen1,gas) =E= 0 ;
     
      (LHS = 24, INFES = 24 ****)
     
PWR(gen2)..  P(gen2) - X(gen2,oil) - X(gen2,gas) =E= 0 ;
     
      (LHS = 19.5, INFES = 19.5 ****)
     

---- USE  =E=  Amount of oil purchased to be minimized

USE(oil)..  - Z(oil) + PUR(oil) =E= 0 ; (LHS = 0)
     
USE(gas)..  - Z(gas) + PUR(gas) =E= 0 ; (LHS = 0)
     

---- FUELUSE  =G=  Fuel usage must not exceed purchase

FUELUSE(oil)..  - (0.15186)*X(gen1,oil) - (0.2031)*X(gen2,oil) + Z(oil) =G= 0 ;
     
      (LHS = -2.2617, INFES = 2.2617 ****)
     
FUELUSE(gas)..  - (0.1631)*X(gen1,gas) - (0.2256)*X(gen2,gas) + Z(gas) =G= 0 ;
     
      (LHS = -2.3008, INFES = 2.3008 ****)
     

---- obj1  =E=  

obj1..  - Z(oil) + zoil =E= 0 ; (LHS = 0)
     

---- obj2  =E=  

obj2..  - Z(gas) + zgas =E= 0 ; (LHS = 0)
     

---- obj3  =E=  

obj3..  - Z(oil) - Z(gas) + ztot =E= 0 ; (LHS = 0)
     
GAMS 24.3.2  r47788 Released Aug 29, 2014 WEX-WEI x86 64bit/MS Windows 02/03/15 20:26:28 Page 3
Power Generation via Fuel Oil
Column Listing      SOLVE FUELOIL Using NLP From line 64


---- P  Total power output of generators in MW

P(gen1)
                (.LO, .L, .UP, .M = 18, 24, 30, 0)
        1       TPOWER
        1       PWR(gen1)

P(gen2)
                (.LO, .L, .UP, .M = 14, 19.5, 25, 0)
        1       TPOWER
        1       PWR(gen2)


---- X  Power outputs of generators from specific fuels

X(gen1,oil)
                (.LO, .L, .UP, .M = 0, 0, +INF, 0)
       -1       PWR(gen1)
      (-0.1519) FUELUSE(oil)

X(gen1,gas)
                (.LO, .L, .UP, .M = 0, 0, +INF, 0)
       -1       PWR(gen1)
      (-0.1631) FUELUSE(gas)

X(gen2,oil)
                (.LO, .L, .UP, .M = 0, 0, +INF, 0)
       -1       PWR(gen2)
      (-0.2031) FUELUSE(oil)

REMAINING ENTRY SKIPPED

---- Z  Total Amounts of fuel purchased

Z(oil)
                (.LO, .L, .UP, .M = 0, 0, 10, 0)
       -1       USE(oil)
        1       FUELUSE(oil)
       -1       obj1
       -1       obj3

Z(gas)
                (.LO, .L, .UP, .M = 0, 0, 10, 0)
       -1       USE(gas)
        1       FUELUSE(gas)
       -1       obj2
       -1       obj3


---- PUR  Total amount of fuel oil purchased

PUR(oil)
                (.LO, .L, .UP, .M = -INF, 0, +INF, 0)
        1       USE(oil)

PUR(gas)
                (.LO, .L, .UP, .M = -INF, 0, +INF, 0)
        1       USE(gas)


---- zoil  

zoil
                (.LO, .L, .UP, .M = -INF, 0, +INF, 0)
        1       obj1


---- zgas  

zgas
                (.LO, .L, .UP, .M = -INF, 0, +INF, 0)
        1       obj2


---- ztot  

ztot
                (.LO, .L, .UP, .M = -INF, 0, +INF, 0)
        1       obj3

GAMS 24.3.2  r47788 Released Aug 29, 2014 WEX-WEI x86 64bit/MS Windows 02/03/15 20:26:28 Page 4
Power Generation via Fuel Oil
Model Statistics    SOLVE FUELOIL Using NLP From line 64


MODEL STATISTICS

BLOCKS OF EQUATIONS           7     SINGLE EQUATIONS           10
BLOCKS OF VARIABLES           7     SINGLE VARIABLES           13
NON ZERO ELEMENTS            25     NON LINEAR N-Z              4
DERIVATIVE POOL              10     CONSTANT POOL              28
CODE LENGTH                  54


GENERATION TIME      =        0.047 SECONDS      4 MB  24.3.2 r47788 WEX-WEI


EXECUTION TIME       =        0.047 SECONDS      4 MB  24.3.2 r47788 WEX-WEI
GAMS 24.3.2  r47788 Released Aug 29, 2014 WEX-WEI x86 64bit/MS Windows 02/03/15 20:26:28 Page 5
Power Generation via Fuel Oil
Solution Report     SOLVE FUELOIL Using NLP From line 64


               S O L V E      S U M M A R Y

     MODEL   FUELOIL             OBJECTIVE  zgas
     TYPE    NLP                 DIRECTION  MINIMIZE
     SOLVER  CONOPT              FROM LINE  64

**** SOLVER STATUS     1 Normal Completion         
**** MODEL STATUS      2 Locally Optimal           
**** OBJECTIVE VALUE                4.3520

 RESOURCE USAGE, LIMIT          0.032      1000.000
 ITERATION COUNT, LIMIT        14    2000000000
 EVALUATION ERRORS              0             0
CONOPT 3         24.3.2 r47788 Released Aug 29, 2014 WEI x86 64bit/MS Windows 
 
 
    C O N O P T 3   version 3.16C
    Copyright (C)   ARKI Consulting and Development A/S
                    Bagsvaerdvej 246 A
                    DK-2880 Bagsvaerd, Denmark
 
 
    The model has 13 variables and 10 constraints
    with 25 Jacobian elements, 4 of which are nonlinear.
    The Hessian of the Lagrangian has 4 elements on the diagonal,
    0 elements below the diagonal, and 4 nonlinear variables.
 
 ** Optimal solution. Reduced gradient less than tolerance.
 
 
 CONOPT time Total                            0.037 seconds
   of which: Function evaluations             0.000 =  0.0%
             1st Derivative evaluations       0.000 =  0.0%
 

                       LOWER     LEVEL     UPPER    MARGINAL

---- EQU TPOWER        50.000    50.000     +INF      0.226      

  TPOWER  Required power must be generated

---- EQU PWR  Power generated by individual generators

        LOWER     LEVEL     UPPER    MARGINAL

gen1      .         .         .       -0.194      
gen2      .         .         .       -0.226      

---- EQU USE  Amount of oil purchased to be minimized

       LOWER     LEVEL     UPPER    MARGINAL

oil      .         .         .         EPS       
gas      .         .         .         EPS       

---- EQU FUELUSE  Fuel usage must not exceed purchase

       LOWER     LEVEL     UPPER    MARGINAL

oil      .         .        +INF      0.942      
gas      .         .        +INF      1.000      

                       LOWER     LEVEL     UPPER    MARGINAL

---- EQU obj1            .         .         .         EPS       
---- EQU obj2            .         .         .        1.000      
---- EQU obj3            .         .         .         EPS       

---- VAR P  Total power output of generators in MW

        LOWER     LEVEL     UPPER    MARGINAL

gen1    18.000    30.000    30.000    -0.032      
gen2    14.000    20.000    25.000      .         

---- VAR X  Power outputs of generators from specific fuels

            LOWER     LEVEL     UPPER    MARGINAL

gen1.oil      .       18.627     +INF       .         
gen1.gas      .       11.373     +INF       EPS       
gen2.oil      .       19.909     +INF       .         
gen2.gas      .        0.091     +INF       .         

---- VAR Z  Total Amounts of fuel purchased

       LOWER     LEVEL     UPPER    MARGINAL

oil      .       10.000    10.000    -0.942      
gas      .        4.352    10.000      .         

---- VAR PUR  Total amount of fuel oil purchased

       LOWER     LEVEL     UPPER    MARGINAL

oil     -INF     10.000     +INF       .         
gas     -INF      4.352     +INF       .         

                       LOWER     LEVEL     UPPER    MARGINAL

---- VAR zoil           -INF     10.000     +INF       .         
---- VAR zgas           -INF      4.352     +INF       .         
---- VAR ztot           -INF     14.352     +INF       .         


**** REPORT SUMMARY :        0     NONOPT
                             0 INFEASIBLE
                             0  UNBOUNDED
                             0     ERRORS
GAMS 24.3.2  r47788 Released Aug 29, 2014 WEX-WEI x86 64bit/MS Windows 02/03/15 20:26:28 Page 6
Power Generation via Fuel Oil
E x e c u t i o n


----     66 VARIABLE X.L  Power outputs of generators from specific fuels

             oil         gas

gen1      18.627      11.373
gen2      19.909       0.091


----     66 VARIABLE P.L  Total power output of generators in MW

gen1 30.000,    gen2 20.000


----     66 VARIABLE Z.L  Total Amounts of fuel purchased

oil 10.000,    gas  4.352


----     66 VARIABLE PUR.L  Total amount of fuel oil purchased

oil 10.000,    gas  4.352



EXECUTION TIME       =        0.015 SECONDS      3 MB  24.3.2 r47788 WEX-WEI


USER: Nikolaos Sahinidis                             G141201/0001AB-GEN
      Carnegie Mellon University, Dept of Chemical Engineering.  DC8887
      License for teaching and research at degree granting institutions


**** FILE SUMMARY

Input      C:\Users\Kangw\Desktop\Lecture7_GAMS\fueloil.gms
Output     C:\Users\Kangw\Documents\gamsdir\projdir\fueloil.lst
